// Jest Snapshot v1, https://goo.gl/fbAQLP

exports[`<Item /> appearance renders the same each time 1`] = `
.css-0,
[data-css-0] {
  position: relative;
  height: 2.5em;
  width: 2.5em;
  float: left;
  margin: 0em;
  line-height: 2.5em;
  text-align: center;
  background-color: orangered;
}

.css-0:hover,
[data-css-0]:hover {
  cursor: pointer;
  color: white;
  background-color: darkblue;
}

<div
  className="css-0"
  onClick={[Function]}
>
  3
</div>
`;
