// Jest Snapshot v1, https://goo.gl/fbAQLP

exports[`<Calendar /> appearance displays the same 1`] = `
.css-0,
[data-css-0] {
  position: absolute;
  background-color: cyan;
  padding: 0.5em;
}

.css-1,
[data-css-1] {
  position: relative;
  overflow: hidden;
  padding: 0.5em;
  background-color: silver;
}

.css-2,
[data-css-2] {
  position: relative;
  width: 17.5em;
}

.css-3,
[data-css-3] {
  position: relative;
  height: 2.5em;
  width: 2.5em;
  float: left;
  margin: 0em;
  line-height: 2.5em;
  text-align: center;
  background-color: orangered;
}

.css-4,
[data-css-4] {
  position: relative;
  height: 2.5em;
  width: 2.5em;
  float: left;
  margin: 0em;
  line-height: 2.5em;
  text-align: center;
  background-color: orangered;
}

.css-4:hover,
[data-css-4]:hover {
  cursor: pointer;
  color: white;
  background-color: darkblue;
}

<div
  className="css-0"
>
  <h1>
    2019-06-04
  </h1>
  <div
    className="css-1"
  >
    <div>
      <button
        onClick={[Function]}
      >
         
        &lt;
         
      </button>
       
      <button
        onClick={[Function]}
      >
         
        &gt;
         
      </button>
    </div>
    <div
      className="css-2"
    >
      <div
        className="css-3"
        onClick={[Function]}
      >
        Su
      </div>
      <div
        className="css-3"
        onClick={[Function]}
      >
        Mo
      </div>
      <div
        className="css-3"
        onClick={[Function]}
      >
        Tu
      </div>
      <div
        className="css-3"
        onClick={[Function]}
      >
        We
      </div>
      <div
        className="css-3"
        onClick={[Function]}
      >
        Th
      </div>
      <div
        className="css-3"
        onClick={[Function]}
      >
        Fr
      </div>
      <div
        className="css-3"
        onClick={[Function]}
      >
        Sa
      </div>
    </div>
    <div
      className="css-2"
    >
      <div
        className="css-4"
        onClick={[Function]}
      >
        26
      </div>
      <div
        className="css-4"
        onClick={[Function]}
      >
        27
      </div>
      <div
        className="css-4"
        onClick={[Function]}
      >
        28
      </div>
      <div
        className="css-4"
        onClick={[Function]}
      >
        29
      </div>
      <div
        className="css-4"
        onClick={[Function]}
      >
        30
      </div>
      <div
        className="css-4"
        onClick={[Function]}
      >
        31
      </div>
      <div
        className="css-4"
        onClick={[Function]}
      >
        1
      </div>
      <div
        className="css-4"
        onClick={[Function]}
      >
        2
      </div>
      <div
        className="css-4"
        onClick={[Function]}
      >
        3
      </div>
      <div
        className="css-4"
        onClick={[Function]}
      >
        4
      </div>
      <div
        className="css-4"
        onClick={[Function]}
      >
        5
      </div>
      <div
        className="css-4"
        onClick={[Function]}
      >
        6
      </div>
      <div
        className="css-4"
        onClick={[Function]}
      >
        7
      </div>
      <div
        className="css-4"
        onClick={[Function]}
      >
        8
      </div>
      <div
        className="css-4"
        onClick={[Function]}
      >
        9
      </div>
      <div
        className="css-4"
        onClick={[Function]}
      >
        10
      </div>
      <div
        className="css-4"
        onClick={[Function]}
      >
        11
      </div>
      <div
        className="css-4"
        onClick={[Function]}
      >
        12
      </div>
      <div
        className="css-4"
        onClick={[Function]}
      >
        13
      </div>
      <div
        className="css-4"
        onClick={[Function]}
      >
        14
      </div>
      <div
        className="css-4"
        onClick={[Function]}
      >
        15
      </div>
      <div
        className="css-4"
        onClick={[Function]}
      >
        16
      </div>
      <div
        className="css-4"
        onClick={[Function]}
      >
        17
      </div>
      <div
        className="css-4"
        onClick={[Function]}
      >
        18
      </div>
      <div
        className="css-4"
        onClick={[Function]}
      >
        19
      </div>
      <div
        className="css-4"
        onClick={[Function]}
      >
        20
      </div>
      <div
        className="css-4"
        onClick={[Function]}
      >
        21
      </div>
      <div
        className="css-4"
        onClick={[Function]}
      >
        22
      </div>
      <div
        className="css-4"
        onClick={[Function]}
      >
        23
      </div>
      <div
        className="css-4"
        onClick={[Function]}
      >
        24
      </div>
      <div
        className="css-4"
        onClick={[Function]}
      >
        25
      </div>
      <div
        className="css-4"
        onClick={[Function]}
      >
        26
      </div>
      <div
        className="css-4"
        onClick={[Function]}
      >
        27
      </div>
      <div
        className="css-4"
        onClick={[Function]}
      >
        28
      </div>
      <div
        className="css-4"
        onClick={[Function]}
      >
        29
      </div>
      <div
        className="css-4"
        onClick={[Function]}
      >
        30
      </div>
      <div
        className="css-4"
        onClick={[Function]}
      >
        1
      </div>
      <div
        className="css-4"
        onClick={[Function]}
      >
        2
      </div>
      <div
        className="css-4"
        onClick={[Function]}
      >
        3
      </div>
      <div
        className="css-4"
        onClick={[Function]}
      >
        4
      </div>
      <div
        className="css-4"
        onClick={[Function]}
      >
        5
      </div>
      <div
        className="css-4"
        onClick={[Function]}
      >
        6
      </div>
    </div>
  </div>
</div>
`;
