// Jest Snapshot v1, https://goo.gl/fbAQLP

exports[`<Calendar /> appearance displays the same 1`] = `
.css-0,
[data-css-0] {
  position: absolute;
  background-color: cyan;
  padding: 0.5em;
}

.css-1,
[data-css-1] {
  position: relative;
  overflow: hidden;
  padding: 0.5em;
  background-color: silver;
}

.css-2,
[data-css-2] {
  position: relative;
  width: 17.5em;
}

.css-3,
[data-css-3] {
  position: relative;
  box-sizing: border-box;
  float: left;
  margin: 0em;
  text-align: center;
  background-color: orangered;
  color: white;
  width: 2.5em;
  height: 2.5em;
  line-height: 2.5em;
}

.css-4,
[data-css-4] {
  position: relative;
  box-sizing: border-box;
  float: left;
  margin: 0em;
  text-align: center;
  background-color: orangered;
  color: #BBB;
  width: 2.5em;
  height: 2.5em;
  line-height: 2.5em;
}

.css-4:hover,
[data-css-4]:hover {
  line-height: calc(2.5em - 2px);
  border: 1px #FFF solid;
  cursor: pointer;
  color: white;
  background-color: #0A64A4;
}

.css-6,
[data-css-6] {
  position: relative;
  box-sizing: border-box;
  float: left;
  margin: 0em;
  text-align: center;
  background-color: orangered;
  color: white;
  width: 2.5em;
  height: 2.5em;
  line-height: 2.5em;
}

.css-6:hover,
[data-css-6]:hover {
  line-height: calc(2.5em - 2px);
  border: 1px #FFF solid;
  cursor: pointer;
  color: white;
  background-color: #0A64A4;
}

.css-8,
[data-css-8] {
  position: relative;
  box-sizing: border-box;
  float: left;
  margin: 0em;
  text-align: center;
  background-color: white;
  color: orangered;
  width: 2.5em;
  height: 2.5em;
  line-height: calc(2.5em - 2px);
  font-weight: bold;
  border: 1px #0A64A4 solid;
}

.css-8:hover,
[data-css-8]:hover {
  line-height: calc(2.5em - 2px);
  border: 1px #FFF solid;
  cursor: pointer;
  color: white;
  background-color: #0A64A4;
}

.css-10,
[data-css-10] {
  position: relative;
  box-sizing: border-box;
  float: left;
  margin: 0em;
  text-align: center;
  background-color: orangered;
  color: white;
  width: 4.375em;
  height: 4.375em;
  line-height: 4.375em;
}

.css-10:hover,
[data-css-10]:hover {
  line-height: calc(4.375em - 2px);
  border: 1px #FFF solid;
  cursor: pointer;
  color: white;
  background-color: #0A64A4;
}

.css-12,
[data-css-12] {
  position: relative;
  box-sizing: border-box;
  float: left;
  margin: 0em;
  text-align: center;
  background-color: orangered;
  color: #BBB;
  width: 4.375em;
  height: 4.375em;
  line-height: 4.375em;
}

.css-12:hover,
[data-css-12]:hover {
  line-height: calc(4.375em - 2px);
  border: 1px #FFF solid;
  cursor: pointer;
  color: white;
  background-color: #0A64A4;
}

<div
  className="css-0"
>
  <button
    onClick={[Function]}
  >
    2018-03-28
  </button>
  <div
    className="css-1"
  >
    <div>
      <div>
        <button
          onClick={[Function]}
        >
           
          &lt;
           
        </button>
        <button>
          06, 2019
        </button>
        <button
          onClick={[Function]}
        >
           
          &gt;
           
        </button>
      </div>
      <div
        className="css-2"
      >
        <div
          className="css-3"
          onClick={[Function]}
        >
          Su
        </div>
        <div
          className="css-3"
          onClick={[Function]}
        >
          Mo
        </div>
        <div
          className="css-3"
          onClick={[Function]}
        >
          Tu
        </div>
        <div
          className="css-3"
          onClick={[Function]}
        >
          We
        </div>
        <div
          className="css-3"
          onClick={[Function]}
        >
          Th
        </div>
        <div
          className="css-3"
          onClick={[Function]}
        >
          Fr
        </div>
        <div
          className="css-3"
          onClick={[Function]}
        >
          Sa
        </div>
        <div
          className="css-4"
          onClick={[Function]}
        >
          26
        </div>
        <div
          className="css-4"
          onClick={[Function]}
        >
          27
        </div>
        <div
          className="css-4"
          onClick={[Function]}
        >
          28
        </div>
        <div
          className="css-4"
          onClick={[Function]}
        >
          29
        </div>
        <div
          className="css-4"
          onClick={[Function]}
        >
          30
        </div>
        <div
          className="css-4"
          onClick={[Function]}
        >
          31
        </div>
        <div
          className="css-6"
          onClick={[Function]}
        >
          1
        </div>
        <div
          className="css-6"
          onClick={[Function]}
        >
          2
        </div>
        <div
          className="css-6"
          onClick={[Function]}
        >
          3
        </div>
        <div
          className="css-8"
          onClick={[Function]}
        >
          4
        </div>
        <div
          className="css-6"
          onClick={[Function]}
        >
          5
        </div>
        <div
          className="css-6"
          onClick={[Function]}
        >
          6
        </div>
        <div
          className="css-6"
          onClick={[Function]}
        >
          7
        </div>
        <div
          className="css-6"
          onClick={[Function]}
        >
          8
        </div>
        <div
          className="css-6"
          onClick={[Function]}
        >
          9
        </div>
        <div
          className="css-6"
          onClick={[Function]}
        >
          10
        </div>
        <div
          className="css-6"
          onClick={[Function]}
        >
          11
        </div>
        <div
          className="css-6"
          onClick={[Function]}
        >
          12
        </div>
        <div
          className="css-6"
          onClick={[Function]}
        >
          13
        </div>
        <div
          className="css-6"
          onClick={[Function]}
        >
          14
        </div>
        <div
          className="css-6"
          onClick={[Function]}
        >
          15
        </div>
        <div
          className="css-6"
          onClick={[Function]}
        >
          16
        </div>
        <div
          className="css-6"
          onClick={[Function]}
        >
          17
        </div>
        <div
          className="css-6"
          onClick={[Function]}
        >
          18
        </div>
        <div
          className="css-6"
          onClick={[Function]}
        >
          19
        </div>
        <div
          className="css-6"
          onClick={[Function]}
        >
          20
        </div>
        <div
          className="css-6"
          onClick={[Function]}
        >
          21
        </div>
        <div
          className="css-6"
          onClick={[Function]}
        >
          22
        </div>
        <div
          className="css-6"
          onClick={[Function]}
        >
          23
        </div>
        <div
          className="css-6"
          onClick={[Function]}
        >
          24
        </div>
        <div
          className="css-6"
          onClick={[Function]}
        >
          25
        </div>
        <div
          className="css-6"
          onClick={[Function]}
        >
          26
        </div>
        <div
          className="css-6"
          onClick={[Function]}
        >
          27
        </div>
        <div
          className="css-6"
          onClick={[Function]}
        >
          28
        </div>
        <div
          className="css-6"
          onClick={[Function]}
        >
          29
        </div>
        <div
          className="css-6"
          onClick={[Function]}
        >
          30
        </div>
        <div
          className="css-4"
          onClick={[Function]}
        >
          1
        </div>
        <div
          className="css-4"
          onClick={[Function]}
        >
          2
        </div>
        <div
          className="css-4"
          onClick={[Function]}
        >
          3
        </div>
        <div
          className="css-4"
          onClick={[Function]}
        >
          4
        </div>
        <div
          className="css-4"
          onClick={[Function]}
        >
          5
        </div>
        <div
          className="css-4"
          onClick={[Function]}
        >
          6
        </div>
      </div>
    </div>
    <div>
      <div>
        <button
          onClick={[Function]}
        >
           
          &lt;
           
        </button>
        <button
          disabled={true}
        >
          2019
        </button>
        <button
          onClick={[Function]}
        >
           
          &gt;
           
        </button>
      </div>
      <div
        className="css-2"
      >
        <div
          className="css-10"
          onClick={[Function]}
        >
          Jan
        </div>
        <div
          className="css-10"
          onClick={[Function]}
        >
          Feb
        </div>
        <div
          className="css-10"
          onClick={[Function]}
        >
          Mar
        </div>
        <div
          className="css-10"
          onClick={[Function]}
        >
          Apr
        </div>
        <div
          className="css-10"
          onClick={[Function]}
        >
          May
        </div>
        <div
          className="css-10"
          onClick={[Function]}
        >
          Jun
        </div>
        <div
          className="css-10"
          onClick={[Function]}
        >
          Jul
        </div>
        <div
          className="css-10"
          onClick={[Function]}
        >
          Aug
        </div>
        <div
          className="css-10"
          onClick={[Function]}
        >
          Sep
        </div>
        <div
          className="css-10"
          onClick={[Function]}
        >
          Oct
        </div>
        <div
          className="css-10"
          onClick={[Function]}
        >
          Nov
        </div>
        <div
          className="css-10"
          onClick={[Function]}
        >
          Dec
        </div>
        <div
          className="css-12"
          onClick={[Function]}
        >
          Jan
        </div>
        <div
          className="css-12"
          onClick={[Function]}
        >
          Feb
        </div>
        <div
          className="css-12"
          onClick={[Function]}
        >
          Mar
        </div>
        <div
          className="css-12"
          onClick={[Function]}
        >
          Apr
        </div>
      </div>
    </div>
  </div>
</div>
`;
